// Jest Snapshot v1, https://goo.gl/fbAQLP

exports[`renders correctly 1`] = `
<View
  accessible={true}
  collapsable={false}
  focusable={true}
  onBlur={[Function]}
  onClick={[Function]}
  onFocus={[Function]}
  onResponderGrant={[Function]}
  onResponderMove={[Function]}
  onResponderRelease={[Function]}
  onResponderTerminate={[Function]}
  onResponderTerminationRequest={[Function]}
  onStartShouldSetResponder={[Function]}
  style={
    Array [
      Object {
        "backgroundColor": "#002e9a",
        "borderRadius": 5,
        "margin": 10,
        "padding": 10,
      },
      undefined,
    ]
  }
>
  <Text
    style={
      Object {
        "color": "#ffffff",
        "fontSize": 20,
        "fontWeight": "bold",
        "textAlign": "center",
      }
    }
  />
</View>
`;
